*** Using Compiler 'V5.06 update 6 (build 750)', folder: 'E:\keil_arm\ARM\ARMCC\Bin'
Rebuild target 'keyboard_ctrl'
assembling startup_stm32f103xe.s...
compiling stm32f1xx_hal_gpio_ex.c...
compiling stm32f1xx_it.c...
compiling usb_device.c...
compiling stm32f1xx_hal.c...
compiling usbd_desc.c...
compiling stm32f1xx_hal_msp.c...
compiling stm32f1xx_hal_pcd_ex.c...
compiling gpio.c...
compiling stm32f1xx_hal_pcd.c...
compiling stm32f1xx_ll_usb.c...
compiling usart.c...
compiling usbd_conf.c...
compiling stm32f1xx_hal_rcc.c...
compiling main.c...
compiling tim.c...
compiling system_stm32f1xx.c...
compiling stm32f1xx_hal_pwr.c...
compiling stm32f1xx_hal_rcc_ex.c...
compiling stm32f1xx_hal_cortex.c...
compiling stm32f1xx_hal_gpio.c...
compiling stm32f1xx_hal_flash.c...
compiling nkro.c...
compiling stm32f1xx_hal_flash_ex.c...
compiling tool_lib.c...
compiling usbd_ioreq.c...
compiling stm32f1xx_hal_exti.c...
compiling stm32f1xx_hal_dma.c...
compiling usbd_ctlreq.c...
compiling stm32f1xx_hal_tim_ex.c...
compiling stm32f1xx_hal_uart.c...
compiling usbd_core.c...
compiling stm32f1xx_hal_tim.c...
compiling uart_master.c...
compiling usbd_hid.c...
compiling keyboard.c...
linking...
Program Size: Code=20372 RO-data=668 RW-data=488 ZI-data=6664  
FromELF: creating hex file...
"ctrl_keyboard\ctrl_keyboard.axf" - 0 Error(s), 0 Warning(s).
Build Time Elapsed:  00:00:09
