*** Using Compiler 'V5.06 update 6 (build 750)', folder: 'E:\keil_arm\ARM\ARMCC\Bin'
Rebuild target 'nkro_ws2812b'
assembling startup_stm32f103xb.s...
compiling tim.c...
compiling stm32f1xx_hal_msp.c...
compiling stm32f1xx_hal_adc_ex.c...
compiling stm32f1xx_it.c...
compiling adc.c...
compiling main.c...
compiling stm32f1xx_hal_gpio_ex.c...
compiling stm32f1xx_hal.c...
compiling stm32f1xx_hal_adc.c...
compiling dma.c...
compiling stm32f1xx_hal_rcc_ex.c...
compiling stm32f1xx_hal_gpio.c...
compiling gpio.c...
compiling usart.c...
compiling rgb_data.c...
compiling stm32f1xx_hal_rcc.c...
compiling system_stm32f1xx.c...
compiling stm32f1xx_hal_dma.c...
compiling uart_slave.c...
compiling rgb_mode.c...
compiling tool_lib.c...
compiling stm32f1xx_hal_flash_ex.c...
compiling rgb_key.c...
compiling stm32f1xx_hal_flash.c...
compiling stm32f1xx_hal_cortex.c...
compiling stm32f1xx_hal_pwr.c...
compiling random.c...
compiling stm32f1xx_hal_tim_ex.c...
compiling WS2812B.c...
compiling stm32f1xx_hal_exti.c...
compiling stm32f1xx_hal_uart.c...
compiling stm32f1xx_hal_tim.c...
linking...
Program Size: Code=20916 RO-data=2284 RW-data=196 ZI-data=6604  
FromELF: creating hex file...
"keyboardpart2\keyboardpart2.axf" - 0 Error(s), 0 Warning(s).
Build Time Elapsed:  00:00:07
